192.168.33.1 - - [06/Apr/2021:06:54:51 +0000] "GET /addons/ewei_shopv2/static/js/web/biz.js?v=1617692092755 HTTP/1.1" 200 31936 "http://ymstar.localhost.com/web/index.php?c=site&a=entry&m=ewei_shopv2&do=web&r=order.list" "Mozilla/5.0 (Macintosh; Intel Mac OS X 10_13_6) AppleWebKit/537.36 (KHTML, like Gecko) Chrome/89.0.4389.114 Safari/537.36"
192.168.33.1 - - [06/Apr/2021:06:54:51 +0000] "GET /web/resource/components/daterangepicker/daterangepicker.js HTTP/1.1" 200 35453 "http://ymstar.localhost.com/web/index.php?c=site&a=entry&m=ewei_shopv2&do=web&r=order.list" "Mozilla/5.0 (Macintosh; Intel Mac OS X 10_13_6) AppleWebKit/537.36 (KHTML, like Gecko) Chrome/89.0.4389.114 Safari/537.36"
192.168.33.1 - - [06/Apr/2021:06:54:51 +0000] "GET /web/index.php?c=utility&a=visit&do=showjs&type=undefined HTTP/1.1" 200 5 "http://ymstar.localhost.com/web/index.php?c=site&a=entry&m=ewei_shopv2&do=web&r=order.list" "Mozilla/5.0 (Macintosh; Intel Mac OS X 10_13_6) AppleWebKit/537.36 (KHTML, like Gecko) Chrome/89.0.4389.114 Safari/537.36"
192.168.33.1 - - [06/Apr/2021:06:54:53 +0000] "GET /web/index.php?c=module&a=manage-account&do=check_status&module=ewei_shopv2 HTTP/1.1" 200 75 "http://ymstar.localhost.com/web/index.php?c=site&a=entry&m=ewei_shopv2&do=web&r=order.list" "Mozilla/5.0 (Macintosh; Intel Mac OS X 10_13_6) AppleWebKit/537.36 (KHTML, like Gecko) Chrome/89.0.4389.114 Safari/537.36"
192.168.33.1 - - [06/Apr/2021:06:54:54 +0000] "GET /web/index.php?c=site&a=entry&m=ewei_shopv2&do=web&r=util.task HTTP/1.1" 200 5 "http://ymstar.localhost.com/web/index.php?c=site&a=entry&m=ewei_shopv2&do=web&r=order.list" "Mozilla/5.0 (Macintosh; Intel Mac OS X 10_13_6) AppleWebKit/537.36 (KHTML, like Gecko) Chrome/89.0.4389.114 Safari/537.36"
192.168.33.1 - - [06/Apr/2021:06:54:57 +0000] "GET /web/index.php?c=message&a=notice&do=event_notice HTTP/1.1" 200 3143 "http://ymstar.localhost.com/web/index.php?c=site&a=entry&m=ewei_shopv2&do=web&r=order.list" "Mozilla/5.0 (Macintosh; Intel Mac OS X 10_13_6) AppleWebKit/537.36 (KHTML, like Gecko) Chrome/89.0.4389.114 Safari/537.36"
192.168.33.1 - - [06/Apr/2021:06:55:04 +0000] "POST /web/index.php?c=site&a=entry&m=ewei_shopv2&do=web&r=system.auth.upgrade_new.check HTTP/1.1" 200 283 "http://ymstar.localhost.com/web/index.php?c=site&a=entry&m=ewei_shopv2&do=web&r=order.list" "Mozilla/5.0 (Macintosh; Intel Mac OS X 10_13_6) AppleWebKit/537.36 (KHTML, like Gecko) Chrome/89.0.4389.114 Safari/537.36"
192.168.33.1 - - [06/Apr/2021:07:46:25 +0000] "GET /web/index.php?c=site&a=entry&m=ewei_shopv2&do=web&r=order.list HTTP/1.1" 200 267342 "http://ymstar.localhost.com/web/index.php?c=site&a=entry&m=ewei_shopv2&do=web&r=order" "Mozilla/5.0 (Macintosh; Intel Mac OS X 10_13_6) AppleWebKit/537.36 (KHTML, like Gecko) Chrome/89.0.4389.114 Safari/537.36"
192.168.33.1 - - [06/Apr/2021:07:46:25 +0000] "GET /attachment/images/3/2020/12/jrJnJNbrACia1YXrRj0190RN7IxJi7.jpeg HTTP/1.1" 404 555 "http://ymstar.localhost.com/web/index.php?c=site&a=entry&m=ewei_shopv2&do=web&r=order.list" "Mozilla/5.0 (Macintosh; Intel Mac OS X 10_13_6) AppleWebKit/537.36 (KHTML, like Gecko) Chrome/89.0.4389.114 Safari/537.36"
192.168.33.1 - - [06/Apr/2021:07:46:25 +0000] "GET /attachment/images/3/2020/12/RYyofI21YMLfzEe8a8lwlLfOiWFZyo.jpg HTTP/1.1" 404 555 "http://ymstar.localhost.com/web/index.php?c=site&a=entry&m=ewei_shopv2&do=web&r=order.list" "Mozilla/5.0 (Macintosh; Intel Mac OS X 10_13_6) AppleWebKit/537.36 (KHTML, like Gecko) Chrome/89.0.4389.114 Safari/537.36"
192.168.33.1 - - [06/Apr/2021:07:46:25 +0000] "GET /attachment/images/3/2020/12/RYyofI21YMLfzEe8a8lwlLfOiWFZyo.jpg HTTP/1.1" 404 555 "http://ymstar.localhost.com/web/index.php?c=site&a=entry&m=ewei_shopv2&do=web&r=order.list" "Mozilla/5.0 (Macintosh; Intel Mac OS X 10_13_6) AppleWebKit/537.36 (KHTML, like Gecko) Chrome/89.0.4389.114 Safari/537.36"
192.168.33.1 - - [06/Apr/2021:07:46:25 +0000] "GET /attachment/images/3/2020/12/jrJnJNbrACia1YXrRj0190RN7IxJi7.jpeg HTTP/1.1" 404 555 "http://ymstar.localhost.com/web/index.php?c=site&a=entry&m=ewei_shopv2&do=web&r=order.list" "Mozilla/5.0 (Macintosh; Intel Mac OS X 10_13_6) AppleWebKit/537.36 (KHTML, like Gecko) Chrome/89.0.4389.114 Safari/537.36"
192.168.33.1 - - [06/Apr/2021:07:46:26 +0000] "GET /addons/ewei_shopv2/static/js/dist/moment/moment.js?v=1617695185923 HTTP/1.1" 200 19225 "http://ymstar.localhost.com/web/index.php?c=site&a=entry&m=ewei_shopv2&do=web&r=order.list" "Mozilla/5.0 (Macintosh; Intel Mac OS X 10_13_6) AppleWebKit/537.36 (KHTML, like Gecko) Chrome/89.0.4389.114 Safari/537.36"
192.168.33.1 - - [06/Apr/2021:07:46:26 +0000] "GET /addons/ewei_shopv2/static/js/web/init.js?v=1617695185923 HTTP/1.1" 200 32954 "http://ymstar.localhost.com/web/index.php?c=site&a=entry&m=ewei_shopv2&do=web&r=order.list" "Mozilla/5.0 (Macintosh; Intel Mac OS X 10_13_6) AppleWebKit/537.36 (KHTML, like Gecko) Chrome/89.0.4389.114 Safari/537.36"
192.168.33.1 - - [06/Apr/2021:07:46:26 +0000] "GET /addons/ewei_shopv2/static/js/web/table.js?v=1617695185923 HTTP/1.1" 200 11096 "http://ymstar.localhost.com/web/index.php?c=site&a=entry&m=ewei_shopv2&do=web&r=order.list" "Mozilla/5.0 (Macintosh; Intel Mac OS X 10_13_6) AppleWebKit/537.36 (KHTML, like Gecko) Chrome/89.0.4389.114 Safari/537.36"
192.168.33.1 - - [06/Apr/2021:07:46:26 +0000] "GET /addons/ewei_shopv2/static/js/dist/jquery/jquery.gcjs.js?v=1617695185923 HTTP/1.1" 200 23852 "http://ymstar.localhost.com/web/index.php?c=site&a=entry&m=ewei_shopv2&do=web&r=order.list" "Mozilla/5.0 (Macintosh; Intel Mac OS X 10_13_6) AppleWebKit/537.36 (KHTML, like Gecko) Chrome/89.0.4389.114 Safari/537.36"
192.168.33.1 - - [06/Apr/2021:07:46:26 +0000] "GET /addons/ewei_shopv2/static/js/web/tip.js?v=1617695185923 HTTP/1.1" 200 9004 "http://ymstar.localhost.com/web/index.php?c=site&a=entry&m=ewei_shopv2&do=web&r=order.list" "Mozilla/5.0 (Macintosh; Intel Mac OS X 10_13_6) AppleWebKit/537.36 (KHTML, like Gecko) Chrome/89.0.4389.114 Safari/537.36"
192.168.33.1 - - [06/Apr/2021:07:46:26 +0000] "GET /addons/ewei_shopv2/static/js/dist/tooltipbox.js?v=1617695185923 HTTP/1.1" 200 5576 "http://ymstar.localhost.com/web/index.php?c=site&a=entry&m=ewei_shopv2&do=web&r=order.list" "Mozilla/5.0 (Macintosh; Intel Mac OS X 10_13_6) AppleWebKit/537.36 (KHTML, like Gecko) Chrome/89.0.4389.114 Safari/537.36"
192.168.33.1 - - [06/Apr/2021:07:46:26 +0000] "GET /addons/ewei_shopv2/static/js/web/biz.js?v=1617695185923 HTTP/1.1" 200 31936 "http://ymstar.localhost.com/web/index.php?c=site&a=entry&m=ewei_shopv2&do=web&r=order.list" "Mozilla/5.0 (Macintosh; Intel Mac OS X 10_13_6) AppleWebKit/537.36 (KHTML, like Gecko) Chrome/89.0.4389.114 Safari/537.36"
192.168.33.1 - - [06/Apr/2021:07:46:26 +0000] "GET /web/index.php?c=utility&a=visit&do=showjs&type=undefined HTTP/1.1" 200 5 "http://ymstar.localhost.com/web/index.php?c=site&a=entry&m=ewei_shopv2&do=web&r=order.list" "Mozilla/5.0 (Macintosh; Intel Mac OS X 10_13_6) AppleWebKit/537.36 (KHTML, like Gecko) Chrome/89.0.4389.114 Safari/537.36"
192.168.33.1 - - [06/Apr/2021:07:46:28 +0000] "GET /web/index.php?c=module&a=manage-account&do=check_status&module=ewei_shopv2 HTTP/1.1" 200 75 "http://ymstar.localhost.com/web/index.php?c=site&a=entry&m=ewei_shopv2&do=web&r=order.list" "Mozilla/5.0 (Macintosh; Intel Mac OS X 10_13_6) AppleWebKit/537.36 (KHTML, like Gecko) Chrome/89.0.4389.114 Safari/537.36"
172.18.0.1 - - [06/Apr/2021:07:46:29 +0000] "POST /addons/ewei_shopv2/core/task/order/close.php HTTP/1.1" 200 5 "-" "Mozilla/5.0 (Windows NT 6.1; WOW64; rv:9.0.1) Gecko/20100101 Firefox/9.0.1"
172.18.0.1 - - [06/Apr/2021:07:46:29 +0000] "GET /addons/ewei_shopv2/core/task/order/willclose.php HTTP/1.1" 200 5 "-" "Mozilla/5.0 (Windows NT 6.1; WOW64; rv:9.0.1) Gecko/20100101 Firefox/9.0.1"
192.168.33.1 - - [06/Apr/2021:07:46:29 +0000] "GET /attachment/images/3/2020/12/jrJnJNbrACia1YXrRj0190RN7IxJi7.jpeg HTTP/1.1" 404 555 "http://ymstar.localhost.com/web/index.php?c=site&a=entry&m=ewei_shopv2&do=web&r=order.list" "Mozilla/5.0 (Macintosh; Intel Mac OS X 10_13_6) AppleWebKit/537.36 (KHTML, like Gecko) Chrome/89.0.4389.114 Safari/537.36"
192.168.33.1 - - [06/Apr/2021:07:46:29 +0000] "GET /attachment/images/3/2020/12/RYyofI21YMLfzEe8a8lwlLfOiWFZyo.jpg HTTP/1.1" 404 555 "http://ymstar.localhost.com/web/index.php?c=site&a=entry&m=ewei_shopv2&do=web&r=order.list" "Mozilla/5.0 (Macintosh; Intel Mac OS X 10_13_6) AppleWebKit/537.36 (KHTML, like Gecko) Chrome/89.0.4389.114 Safari/537.36"
192.168.33.1 - - [06/Apr/2021:07:46:30 +0000] "GET /attachment/images/3/2020/12/RYyofI21YMLfzEe8a8lwlLfOiWFZyo.jpg HTTP/1.1" 404 555 "http://ymstar.localhost.com/web/index.php?c=site&a=entry&m=ewei_shopv2&do=web&r=order.list" "Mozilla/5.0 (Macintosh; Intel Mac OS X 10_13_6) AppleWebKit/537.36 (KHTML, like Gecko) Chrome/89.0.4389.114 Safari/537.36"
192.168.33.1 - - [06/Apr/2021:07:46:30 +0000] "GET /attachment/images/3/2020/12/jrJnJNbrACia1YXrRj0190RN7IxJi7.jpeg HTTP/1.1" 404 555 "http://ymstar.localhost.com/web/index.php?c=site&a=entry&m=ewei_shopv2&do=web&r=order.list" "Mozilla/5.0 (Macintosh; Intel Mac OS X 10_13_6) AppleWebKit/537.36 (KHTML, like Gecko) Chrome/89.0.4389.114 Safari/537.36"
192.168.33.1 - - [06/Apr/2021:07:46:30 +0000] "GET /addons/ewei_shopv2/static/js/dist/moment/moment.js?v=1617695190034 HTTP/1.1" 200 19225 "http://ymstar.localhost.com/web/index.php?c=site&a=entry&m=ewei_shopv2&do=web&r=order.list" "Mozilla/5.0 (Macintosh; Intel Mac OS X 10_13_6) AppleWebKit/537.36 (KHTML, like Gecko) Chrome/89.0.4389.114 Safari/537.36"
192.168.33.1 - - [06/Apr/2021:07:46:30 +0000] "GET /addons/ewei_shopv2/static/js/web/init.js?v=1617695190034 HTTP/1.1" 200 32954 "http://ymstar.localhost.com/web/index.php?c=site&a=entry&m=ewei_shopv2&do=web&r=order.list" "Mozilla/5.0 (Macintosh; Intel Mac OS X 10_13_6) AppleWebKit/537.36 (KHTML, like Gecko) Chrome/89.0.4389.114 Safari/537.36"
192.168.33.1 - - [06/Apr/2021:07:46:30 +0000] "GET /addons/ewei_shopv2/static/js/web/table.js?v=1617695190034 HTTP/1.1" 200 11096 "http://ymstar.localhost.com/web/index.php?c=site&a=entry&m=ewei_shopv2&do=web&r=order.list" "Mozilla/5.0 (Macintosh; Intel Mac OS X 10_13_6) AppleWebKit/537.36 (KHTML, like Gecko) Chrome/89.0.4389.114 Safari/537.36"
192.168.33.1 - - [06/Apr/2021:07:46:30 +0000] "GET /addons/ewei_shopv2/static/js/dist/jquery/jquery.gcjs.js?v=1617695190034 HTTP/1.1" 200 23852 "http://ymstar.localhost.com/web/index.php?c=site&a=entry&m=ewei_shopv2&do=web&r=order.list" "Mozilla/5.0 (Macintosh; Intel Mac OS X 10_13_6) AppleWebKit/537.36 (KHTML, like Gecko) Chrome/89.0.4389.114 Safari/537.36"
192.168.33.1 - - [06/Apr/2021:07:46:30 +0000] "GET /addons/ewei_shopv2/static/js/web/tip.js?v=1617695190034 HTTP/1.1" 200 9004 "http://ymstar.localhost.com/web/index.php?c=site&a=entry&m=ewei_shopv2&do=web&r=order.list" "Mozilla/5.0 (Macintosh; Intel Mac OS X 10_13_6) AppleWebKit/537.36 (KHTML, like Gecko) Chrome/89.0.4389.114 Safari/537.36"
192.168.33.1 - - [06/Apr/2021:07:46:30 +0000] "GET /addons/ewei_shopv2/static/js/dist/tooltipbox.js?v=1617695190034 HTTP/1.1" 200 5576 "http://ymstar.localhost.com/web/index.php?c=site&a=entry&m=ewei_shopv2&do=web&r=order.list" "Mozilla/5.0 (Macintosh; Intel Mac OS X 10_13_6) AppleWebKit/537.36 (KHTML, like Gecko) Chrome/89.0.4389.114 Safari/537.36"
192.168.33.1 - - [06/Apr/2021:07:46:30 +0000] "GET /addons/ewei_shopv2/static/js/web/biz.js?v=1617695190034 HTTP/1.1" 200 31936 "http://ymstar.localhost.com/web/index.php?c=site&a=entry&m=ewei_shopv2&do=web&r=order.list" "Mozilla/5.0 (Macintosh; Intel Mac OS X 10_13_6) AppleWebKit/537.36 (KHTML, like Gecko) Chrome/89.0.4389.114 Safari/537.36"
192.168.33.1 - - [06/Apr/2021:07:46:30 +0000] "GET /web/index.php?c=utility&a=visit&do=showjs&type=undefined HTTP/1.1" 200 5 "http://ymstar.localhost.com/web/index.php?c=site&a=entry&m=ewei_shopv2&do=web&r=order.list" "Mozilla/5.0 (Macintosh; Intel Mac OS X 10_13_6) AppleWebKit/537.36 (KHTML, like Gecko) Chrome/89.0.4389.114 Safari/537.36"
192.168.33.1 - - [06/Apr/2021:07:46:31 +0000] "GET /web/index.php?c=message&a=notice&do=event_notice HTTP/1.1" 200 3143 "http://ymstar.localhost.com/web/index.php?c=site&a=entry&m=ewei_shopv2&do=web&r=order.list" "Mozilla/5.0 (Macintosh; Intel Mac OS X 10_13_6) AppleWebKit/537.36 (KHTML, like Gecko) Chrome/89.0.4389.114 Safari/537.36"
172.18.0.1 - - [06/Apr/2021:07:46:31 +0000] "GET /addons/ewei_shopv2/plugin/seckill/task/delete.php HTTP/1.1" 200 5 "-" "Mozilla/5.0 (Windows NT 6.1; WOW64; rv:9.0.1) Gecko/20100101 Firefox/9.0.1"
192.168.33.1 - - [06/Apr/2021:07:46:32 +0000] "GET /web/index.php?c=module&a=manage-account&do=check_status&module=ewei_shopv2 HTTP/1.1" 200 75 "http://ymstar.localhost.com/web/index.php?c=site&a=entry&m=ewei_shopv2&do=web&r=order.list" "Mozilla/5.0 (Macintosh; Intel Mac OS X 10_13_6) AppleWebKit/537.36 (KHTML, like Gecko) Chrome/89.0.4389.114 Safari/537.36"
172.18.0.1 - - [06/Apr/2021:07:46:32 +0000] "GET /addons/ewei_shopv2/plugin/friendcoupon/task/sendMessage.php?uniacid=3 HTTP/1.1" 200 5 "-" "Mozilla/5.0 (Windows NT 6.1; WOW64; rv:9.0.1) Gecko/20100101 Firefox/9.0.1"
172.18.0.1 - - [06/Apr/2021:07:46:32 +0000] "GET /addons/ewei_shopv2/core/task/plugin/merch.php HTTP/1.1" 200 5 "-" "Mozilla/5.0 (Windows NT 6.1; WOW64; rv:9.0.1) Gecko/20100101 Firefox/9.0.1"
192.168.33.1 - - [06/Apr/2021:07:46:32 +0000] "GET /web/index.php?c=site&a=entry&m=ewei_shopv2&do=web&r=util.task HTTP/1.1" 200 5 "http://ymstar.localhost.com/web/index.php?c=site&a=entry&m=ewei_shopv2&do=web&r=order.list" "Mozilla/5.0 (Macintosh; Intel Mac OS X 10_13_6) AppleWebKit/537.36 (KHTML, like Gecko) Chrome/89.0.4389.114 Safari/537.36"
192.168.33.1 - - [06/Apr/2021:07:46:34 +0000] "GET /web/index.php?c=message&a=notice&do=event_notice HTTP/1.1" 200 3143 "http://ymstar.localhost.com/web/index.php?c=site&a=entry&m=ewei_shopv2&do=web&r=order.list" "Mozilla/5.0 (Macintosh; Intel Mac OS X 10_13_6) AppleWebKit/537.36 (KHTML, like Gecko) Chrome/89.0.4389.114 Safari/537.36"
192.168.33.1 - - [06/Apr/2021:07:46:36 +0000] "GET /web/index.php?c=site&a=entry&m=ewei_shopv2&do=web&r=util.task HTTP/1.1" 200 5 "http://ymstar.localhost.com/web/index.php?c=site&a=entry&m=ewei_shopv2&do=web&r=order.list" "Mozilla/5.0 (Macintosh; Intel Mac OS X 10_13_6) AppleWebKit/537.36 (KHTML, like Gecko) Chrome/89.0.4389.114 Safari/537.36"
192.168.33.1 - - [06/Apr/2021:07:46:46 +0000] "POST /web/index.php?c=site&a=entry&m=ewei_shopv2&do=web&r=system.auth.upgrade_new.check HTTP/1.1" 499 0 "http://ymstar.localhost.com/web/index.php?c=site&a=entry&m=ewei_shopv2&do=web&r=order.list" "Mozilla/5.0 (Macintosh; Intel Mac OS X 10_13_6) AppleWebKit/537.36 (KHTML, like Gecko) Chrome/89.0.4389.114 Safari/537.36"
192.168.33.1 - - [06/Apr/2021:07:46:46 +0000] "GET /attachment/images/3/2020/12/jrJnJNbrACia1YXrRj0190RN7IxJi7.jpeg HTTP/1.1" 404 555 "http://ymstar.localhost.com/web/index.php?c=site&a=entry&m=ewei_shopv2&do=web&r=order.list" "Mozilla/5.0 (Macintosh; Intel Mac OS X 10_13_6) AppleWebKit/537.36 (KHTML, like Gecko) Chrome/89.0.4389.114 Safari/537.36"
192.168.33.1 - - [06/Apr/2021:07:46:46 +0000] "GET /attachment/images/3/2020/12/RYyofI21YMLfzEe8a8lwlLfOiWFZyo.jpg HTTP/1.1" 404 555 "http://ymstar.localhost.com/web/index.php?c=site&a=entry&m=ewei_shopv2&do=web&r=order.list" "Mozilla/5.0 (Macintosh; Intel Mac OS X 10_13_6) AppleWebKit/537.36 (KHTML, like Gecko) Chrome/89.0.4389.114 Safari/537.36"
192.168.33.1 - - [06/Apr/2021:07:46:46 +0000] "GET /attachment/images/3/2020/12/RYyofI21YMLfzEe8a8lwlLfOiWFZyo.jpg HTTP/1.1" 404 555 "http://ymstar.localhost.com/web/index.php?c=site&a=entry&m=ewei_shopv2&do=web&r=order.list" "Mozilla/5.0 (Macintosh; Intel Mac OS X 10_13_6) AppleWebKit/537.36 (KHTML, like Gecko) Chrome/89.0.4389.114 Safari/537.36"
192.168.33.1 - - [06/Apr/2021:07:46:46 +0000] "GET /attachment/images/3/2020/12/jrJnJNbrACia1YXrRj0190RN7IxJi7.jpeg HTTP/1.1" 404 555 "http://ymstar.localhost.com/web/index.php?c=site&a=entry&m=ewei_shopv2&do=web&r=order.list" "Mozilla/5.0 (Macintosh; Intel Mac OS X 10_13_6) AppleWebKit/537.36 (KHTML, like Gecko) Chrome/89.0.4389.114 Safari/537.36"
192.168.33.1 - - [06/Apr/2021:07:46:46 +0000] "GET /web/index.php?c=site&a=entry&m=ewei_shopv2&do=web&r=order.list HTTP/1.1" 200 267348 "http://ymstar.localhost.com/web/index.php?c=site&a=entry&m=ewei_shopv2&do=web&r=order" "Mozilla/5.0 (Macintosh; Intel Mac OS X 10_13_6) AppleWebKit/537.36 (KHTML, like Gecko) Chrome/89.0.4389.114 Safari/537.36"
192.168.33.1 - - [06/Apr/2021:07:46:46 +0000] "GET /addons/ewei_shopv2/static/js/dist/moment/moment.js?v=1617695206383 HTTP/1.1" 200 19225 "http://ymstar.localhost.com/web/index.php?c=site&a=entry&m=ewei_shopv2&do=web&r=order.list" "Mozilla/5.0 (Macintosh; Intel Mac OS X 10_13_6) AppleWebKit/537.36 (KHTML, like Gecko) Chrome/89.0.4389.114 Safari/537.36"
192.168.33.1 - - [06/Apr/2021:07:46:46 +0000] "GET /attachment/images/3/2020/12/RYyofI21YMLfzEe8a8lwlLfOiWFZyo.jpg HTTP/1.1" 404 555 "http://ymstar.localhost.com/web/index.php?c=site&a=entry&m=ewei_shopv2&do=web&r=order.list" "Mozilla/5.0 (Macintosh; Intel Mac OS X 10_13_6) AppleWebKit/537.36 (KHTML, like Gecko) Chrome/89.0.4389.114 Safari/537.36"
192.168.33.1 - - [06/Apr/2021:07:46:46 +0000] "GET /attachment/images/3/2020/12/jrJnJNbrACia1YXrRj0190RN7IxJi7.jpeg HTTP/1.1" 404 555 "http://ymstar.localhost.com/web/index.php?c=site&a=entry&m=ewei_shopv2&do=web&r=order.list" "Mozilla/5.0 (Macintosh; Intel Mac OS X 10_13_6) AppleWebKit/537.36 (KHTML, like Gecko) Chrome/89.0.4389.114 Safari/537.36"
192.168.33.1 - - [06/Apr/2021:07:46:47 +0000] "GET /addons/ewei_shopv2/static/js/web/init.js?v=1617695206383 HTTP/1.1" 200 32954 "http://ymstar.localhost.com/web/index.php?c=site&a=entry&m=ewei_shopv2&do=web&r=order.list" "Mozilla/5.0 (Macintosh; Intel Mac OS X 10_13_6) AppleWebKit/537.36 (KHTML, like Gecko) Chrome/89.0.4389.114 Safari/537.36"
192.168.33.1 - - [06/Apr/2021:07:46:47 +0000] "GET /web/index.php?c=utility&a=visit&do=showjs&type=undefined HTTP/1.1" 200 5 "http://ymstar.localhost.com/web/index.php?c=site&a=entry&m=ewei_shopv2&do=web&r=order.list" "Mozilla/5.0 (Macintosh; Intel Mac OS X 10_13_6) AppleWebKit/537.36 (KHTML, like Gecko) Chrome/89.0.4389.114 Safari/537.36"
192.168.33.1 - - [06/Apr/2021:07:46:47 +0000] "GET /addons/ewei_shopv2/static/js/web/table.js?v=1617695206383 HTTP/1.1" 200 11096 "http://ymstar.localhost.com/web/index.php?c=site&a=entry&m=ewei_shopv2&do=web&r=order.list" "Mozilla/5.0 (Macintosh; Intel Mac OS X 10_13_6) AppleWebKit/537.36 (KHTML, like Gecko) Chrome/89.0.4389.114 Safari/537.36"
192.168.33.1 - - [06/Apr/2021:07:46:47 +0000] "GET /addons/ewei_shopv2/static/js/dist/jquery/jquery.gcjs.js?v=1617695206383 HTTP/1.1" 200 23852 "http://ymstar.localhost.com/web/index.php?c=site&a=entry&m=ewei_shopv2&do=web&r=order.list" "Mozilla/5.0 (Macintosh; Intel Mac OS X 10_13_6) AppleWebKit/537.36 (KHTML, like Gecko) Chrome/89.0.4389.114 Safari/537.36"
192.168.33.1 - - [06/Apr/2021:07:46:47 +0000] "GET /addons/ewei_shopv2/static/js/web/tip.js?v=1617695206383 HTTP/1.1" 200 9004 "http://ymstar.localhost.com/web/index.php?c=site&a=entry&m=ewei_shopv2&do=web&r=order.list" "Mozilla/5.0 (Macintosh; Intel Mac OS X 10_13_6) AppleWebKit/537.36 (KHTML, like Gecko) Chrome/89.0.4389.114 Safari/537.36"
192.168.33.1 - - [06/Apr/2021:07:46:47 +0000] "GET /addons/ewei_shopv2/static/js/dist/tooltipbox.js?v=1617695206383 HTTP/1.1" 200 5576 "http://ymstar.localhost.com/web/index.php?c=site&a=entry&m=ewei_shopv2&do=web&r=order.list" "Mozilla/5.0 (Macintosh; Intel Mac OS X 10_13_6) AppleWebKit/537.36 (KHTML, like Gecko) Chrome/89.0.4389.114 Safari/537.36"
192.168.33.1 - - [06/Apr/2021:07:46:48 +0000] "GET /addons/ewei_shopv2/static/js/web/biz.js?v=1617695206383 HTTP/1.1" 200 31936 "http://ymstar.localhost.com/web/index.php?c=site&a=entry&m=ewei_shopv2&do=web&r=order.list" "Mozilla/5.0 (Macintosh; Intel Mac OS X 10_13_6) AppleWebKit/537.36 (KHTML, like Gecko) Chrome/89.0.4389.114 Safari/537.36"
192.168.33.1 - - [06/Apr/2021:07:46:49 +0000] "GET /web/index.php?c=module&a=manage-account&do=check_status&module=ewei_shopv2 HTTP/1.1" 200 75 "http://ymstar.localhost.com/web/index.php?c=site&a=entry&m=ewei_shopv2&do=web&r=order.list" "Mozilla/5.0 (Macintosh; Intel Mac OS X 10_13_6) AppleWebKit/537.36 (KHTML, like Gecko) Chrome/89.0.4389.114 Safari/537.36"
192.168.33.1 - - [06/Apr/2021:07:46:49 +0000] "GET /web/index.php?c=message&a=notice&do=event_notice HTTP/1.1" 200 3143 "http://ymstar.localhost.com/web/index.php?c=site&a=entry&m=ewei_shopv2&do=web&r=order.list" "Mozilla/5.0 (Macintosh; Intel Mac OS X 10_13_6) AppleWebKit/537.36 (KHTML, like Gecko) Chrome/89.0.4389.114 Safari/537.36"
192.168.33.1 - - [06/Apr/2021:07:46:52 +0000] "GET /web/index.php?c=site&a=entry&m=ewei_shopv2&do=web&r=util.task HTTP/1.1" 200 5 "http://ymstar.localhost.com/web/index.php?c=site&a=entry&m=ewei_shopv2&do=web&r=order.list" "Mozilla/5.0 (Macintosh; Intel Mac OS X 10_13_6) AppleWebKit/537.36 (KHTML, like Gecko) Chrome/89.0.4389.114 Safari/537.36"
192.168.33.1 - - [06/Apr/2021:07:46:52 +0000] "GET /web/index.php?c=site&a=entry&m=ewei_shopv2&do=web&r=order.list HTTP/1.1" 200 64036 "http://ymstar.localhost.com/web/index.php?c=site&a=entry&m=ewei_shopv2&do=web&r=order" "Mozilla/5.0 (Macintosh; Intel Mac OS X 10_13_6) AppleWebKit/537.36 (KHTML, like Gecko) Chrome/89.0.4389.114 Safari/537.36"
192.168.33.1 - - [06/Apr/2021:07:46:52 +0000] "POST /web/index.php?c=site&a=entry&m=ewei_shopv2&do=web&r=system.auth.upgrade_new.check HTTP/1.1" 499 0 "http://ymstar.localhost.com/web/index.php?c=site&a=entry&m=ewei_shopv2&do=web&r=order.list" "Mozilla/5.0 (Macintosh; Intel Mac OS X 10_13_6) AppleWebKit/537.36 (KHTML, like Gecko) Chrome/89.0.4389.114 Safari/537.36"
192.168.33.1 - - [06/Apr/2021:07:46:53 +0000] "GET /favicon.ico HTTP/1.1" 404 555 "http://ymstar.localhost.com/web/index.php?c=site&a=entry&m=ewei_shopv2&do=web&r=order.list" "Mozilla/5.0 (Macintosh; Intel Mac OS X 10_13_6) AppleWebKit/537.36 (KHTML, like Gecko) Chrome/89.0.4389.114 Safari/537.36"
192.168.33.1 - - [06/Apr/2021:07:46:53 +0000] "POST /web/index.php?c=site&a=entry&m=ewei_shopv2&do=web&r=system.auth.upgrade_new.check HTTP/1.1" 200 283 "http://ymstar.localhost.com/web/index.php?c=site&a=entry&m=ewei_shopv2&do=web&r=order.list" "Mozilla/5.0 (Macintosh; Intel Mac OS X 10_13_6) AppleWebKit/537.36 (KHTML, like Gecko) Chrome/89.0.4389.114 Safari/537.36"
192.168.33.1 - - [06/Apr/2021:07:58:18 +0000] "GET /attachment/images/3/2020/12/jrJnJNbrACia1YXrRj0190RN7IxJi7.jpeg HTTP/1.1" 404 555 "http://ymstar.localhost.com/web/index.php?c=site&a=entry&m=ewei_shopv2&do=web&r=order.list" "Mozilla/5.0 (Macintosh; Intel Mac OS X 10_13_6) AppleWebKit/537.36 (KHTML, like Gecko) Chrome/89.0.4389.114 Safari/537.36"
192.168.33.1 - - [06/Apr/2021:07:58:18 +0000] "GET /attachment/images/3/2020/12/RYyofI21YMLfzEe8a8lwlLfOiWFZyo.jpg HTTP/1.1" 404 555 "http://ymstar.localhost.com/web/index.php?c=site&a=entry&m=ewei_shopv2&do=web&r=order.list" "Mozilla/5.0 (Macintosh; Intel Mac OS X 10_13_6) AppleWebKit/537.36 (KHTML, like Gecko) Chrome/89.0.4389.114 Safari/537.36"
192.168.33.1 - - [06/Apr/2021:07:58:18 +0000] "GET /web/index.php?c=site&a=entry&m=ewei_shopv2&do=web&r=order.list HTTP/1.1" 200 267415 "http://ymstar.localhost.com/web/index.php?c=site&a=entry&m=ewei_shopv2&do=web&r=order" "Mozilla/5.0 (Macintosh; Intel Mac OS X 10_13_6) AppleWebKit/537.36 (KHTML, like Gecko) Chrome/89.0.4389.114 Safari/537.36"
192.168.33.1 - - [06/Apr/2021:07:58:18 +0000] "GET /attachment/images/3/2020/12/RYyofI21YMLfzEe8a8lwlLfOiWFZyo.jpg HTTP/1.1" 404 555 "http://ymstar.localhost.com/web/index.php?c=site&a=entry&m=ewei_shopv2&do=web&r=order.list" "Mozilla/5.0 (Macintosh; Intel Mac OS X 10_13_6) AppleWebKit/537.36 (KHTML, like Gecko) Chrome/89.0.4389.114 Safari/537.36"
192.168.33.1 - - [06/Apr/2021:07:58:18 +0000] "GET /attachment/images/3/2020/12/jrJnJNbrACia1YXrRj0190RN7IxJi7.jpeg HTTP/1.1" 404 555 "http://ymstar.localhost.com/web/index.php?c=site&a=entry&m=ewei_shopv2&do=web&r=order.list" "Mozilla/5.0 (Macintosh; Intel Mac OS X 10_13_6) AppleWebKit/537.36 (KHTML, like Gecko) Chrome/89.0.4389.114 Safari/537.36"
192.168.33.1 - - [06/Apr/2021:07:58:18 +0000] "GET /addons/ewei_shopv2/static/js/dist/moment/moment.js?v=1617695898165 HTTP/1.1" 200 19225 "http://ymstar.localhost.com/web/index.php?c=site&a=entry&m=ewei_shopv2&do=web&r=order.list" "Mozilla/5.0 (Macintosh; Intel Mac OS X 10_13_6) AppleWebKit/537.36 (KHTML, like Gecko) Chrome/89.0.4389.114 Safari/537.36"
192.168.33.1 - - [06/Apr/2021:07:58:18 +0000] "GET /addons/ewei_shopv2/static/js/web/init.js?v=1617695898165 HTTP/1.1" 200 32954 "http://ymstar.localhost.com/web/index.php?c=site&a=entry&m=ewei_shopv2&do=web&r=order.list" "Mozilla/5.0 (Macintosh; Intel Mac OS X 10_13_6) AppleWebKit/537.36 (KHTML, like Gecko) Chrome/89.0.4389.114 Safari/537.36"
192.168.33.1 - - [06/Apr/2021:07:58:18 +0000] "GET /addons/ewei_shopv2/static/js/web/table.js?v=1617695898165 HTTP/1.1" 200 11096 "http://ymstar.localhost.com/web/index.php?c=site&a=entry&m=ewei_shopv2&do=web&r=order.list" "Mozilla/5.0 (Macintosh; Intel Mac OS X 10_13_6) AppleWebKit/537.36 (KHTML, like Gecko) Chrome/89.0.4389.114 Safari/537.36"
192.168.33.1 - - [06/Apr/2021:07:58:18 +0000] "GET /addons/ewei_shopv2/static/js/dist/jquery/jquery.gcjs.js?v=1617695898165 HTTP/1.1" 200 23852 "http://ymstar.localhost.com/web/index.php?c=site&a=entry&m=ewei_shopv2&do=web&r=order.list" "Mozilla/5.0 (Macintosh; Intel Mac OS X 10_13_6) AppleWebKit/537.36 (KHTML, like Gecko) Chrome/89.0.4389.114 Safari/537.36"
192.168.33.1 - - [06/Apr/2021:07:58:18 +0000] "GET /addons/ewei_shopv2/static/js/web/tip.js?v=1617695898165 HTTP/1.1" 200 9004 "http://ymstar.localhost.com/web/index.php?c=site&a=entry&m=ewei_shopv2&do=web&r=order.list" "Mozilla/5.0 (Macintosh; Intel Mac OS X 10_13_6) AppleWebKit/537.36 (KHTML, like Gecko) Chrome/89.0.4389.114 Safari/537.36"
192.168.33.1 - - [06/Apr/2021:07:58:18 +0000] "GET /addons/ewei_shopv2/static/js/dist/tooltipbox.js?v=1617695898165 HTTP/1.1" 200 5576 "http://ymstar.localhost.com/web/index.php?c=site&a=entry&m=ewei_shopv2&do=web&r=order.list" "Mozilla/5.0 (Macintosh; Intel Mac OS X 10_13_6) AppleWebKit/537.36 (KHTML, like Gecko) Chrome/89.0.4389.114 Safari/537.36"
192.168.33.1 - - [06/Apr/2021:07:58:18 +0000] "GET /addons/ewei_shopv2/static/js/web/biz.js?v=1617695898165 HTTP/1.1" 200 31936 "http://ymstar.localhost.com/web/index.php?c=site&a=entry&m=ewei_shopv2&do=web&r=order.list" "Mozilla/5.0 (Macintosh; Intel Mac OS X 10_13_6) AppleWebKit/537.36 (KHTML, like Gecko) Chrome/89.0.4389.114 Safari/537.36"
192.168.33.1 - - [06/Apr/2021:07:58:18 +0000] "GET /web/index.php?c=utility&a=visit&do=showjs&type=undefined HTTP/1.1" 200 5 "http://ymstar.localhost.com/web/index.php?c=site&a=entry&m=ewei_shopv2&do=web&r=order.list" "Mozilla/5.0 (Macintosh; Intel Mac OS X 10_13_6) AppleWebKit/537.36 (KHTML, like Gecko) Chrome/89.0.4389.114 Safari/537.36"
172.18.0.1 - - [06/Apr/2021:07:58:20 +0000] "GET /addons/ewei_shopv2/core/task/order/receive.php HTTP/1.1" 200 5 "-" "Mozilla/5.0 (Windows NT 6.1; WOW64; rv:9.0.1) Gecko/20100101 Firefox/9.0.1"
192.168.33.1 - - [06/Apr/2021:07:58:21 +0000] "GET /web/index.php?c=message&a=notice&do=event_notice HTTP/1.1" 200 3143 "http://ymstar.localhost.com/web/index.php?c=site&a=entry&m=ewei_shopv2&do=web&r=order.list" "Mozilla/5.0 (Macintosh; Intel Mac OS X 10_13_6) AppleWebKit/537.36 (KHTML, like Gecko) Chrome/89.0.4389.114 Safari/537.36"
192.168.33.1 - - [06/Apr/2021:07:58:21 +0000] "GET /web/index.php?c=module&a=manage-account&do=check_status&module=ewei_shopv2 HTTP/1.1" 200 75 "http://ymstar.localhost.com/web/index.php?c=site&a=entry&m=ewei_shopv2&do=web&r=order.list" "Mozilla/5.0 (Macintosh; Intel Mac OS X 10_13_6) AppleWebKit/537.36 (KHTML, like Gecko) Chrome/89.0.4389.114 Safari/537.36"
172.18.0.1 - - [06/Apr/2021:07:58:21 +0000] "GET /addons/ewei_shopv2/core/task/order/close.php HTTP/1.1" 200 5 "-" "Mozilla/5.0 (Windows NT 6.1; WOW64; rv:9.0.1) Gecko/20100101 Firefox/9.0.1"
172.18.0.1 - - [06/Apr/2021:07:58:22 +0000] "POST /addons/ewei_shopv2/core/task/order/close.php HTTP/1.1" 200 5 "-" "Mozilla/5.0 (Windows NT 6.1; WOW64; rv:9.0.1) Gecko/20100101 Firefox/9.0.1"
172.18.0.1 - - [06/Apr/2021:07:58:23 +0000] "GET /addons/ewei_shopv2/core/task/order/fullback.php HTTP/1.1" 200 5 "-" "Mozilla/5.0 (Windows NT 6.1; WOW64; rv:9.0.1) Gecko/20100101 Firefox/9.0.1"
192.168.33.1 - - [06/Apr/2021:07:58:29 +0000] "POST /web/index.php?c=site&a=entry&m=ewei_shopv2&do=web&r=system.auth.upgrade_new.check HTTP/1.1" 200 283 "http://ymstar.localhost.com/web/index.php?c=site&a=entry&m=ewei_shopv2&do=web&r=order.list" "Mozilla/5.0 (Macintosh; Intel Mac OS X 10_13_6) AppleWebKit/537.36 (KHTML, like Gecko) Chrome/89.0.4389.114 Safari/537.36"
172.18.0.1 - - [06/Apr/2021:07:58:32 +0000] "GET /addons/ewei_shopv2/core/task/goods/presell.php HTTP/1.1" 200 5 "-" "Mozilla/5.0 (Windows NT 6.1; WOW64; rv:9.0.1) Gecko/20100101 Firefox/9.0.1"
172.18.0.1 - - [06/Apr/2021:07:58:32 +0000] "GET /addons/ewei_shopv2/core/task/goods/status.php HTTP/1.1" 200 5 "-" "Mozilla/5.0 (Windows NT 6.1; WOW64; rv:9.0.1) Gecko/20100101 Firefox/9.0.1"
172.18.0.1 - - [06/Apr/2021:07:58:33 +0000] "GET /addons/ewei_shopv2/core/task/coupon/back.php HTTP/1.1" 200 5 "-" "Mozilla/5.0 (Windows NT 6.1; WOW64; rv:9.0.1) Gecko/20100101 Firefox/9.0.1"
172.18.0.1 - - [06/Apr/2021:07:58:34 +0000] "POST /addons/ewei_shopv2/core/task/notice/sendnotice.php HTTP/1.1" 200 5 "-" "Mozilla/5.0 (Windows NT 6.1; WOW64; rv:9.0.1) Gecko/20100101 Firefox/9.0.1"
172.18.0.1 - - [06/Apr/2021:07:58:34 +0000] "POST /addons/ewei_shopv2/core/task/cycelbuy/sendnotice.php HTTP/1.1" 200 5 "-" "Mozilla/5.0 (Windows NT 6.1; WOW64; rv:9.0.1) Gecko/20100101 Firefox/9.0.1"
172.18.0.1 - - [06/Apr/2021:07:58:35 +0000] "POST /addons/ewei_shopv2/core/task/cycelbuy/receive.php HTTP/1.1" 200 5 "-" "Mozilla/5.0 (Windows NT 6.1; WOW64; rv:9.0.1) Gecko/20100101 Firefox/9.0.1"
172.18.0.1 - - [06/Apr/2021:07:58:36 +0000] "GET /addons/ewei_shopv2/plugin/groups/task/order.php HTTP/1.1" 200 5 "-" "Mozilla/5.0 (Windows NT 6.1; WOW64; rv:9.0.1) Gecko/20100101 Firefox/9.0.1"
172.18.0.1 - - [06/Apr/2021:07:58:36 +0000] "GET /addons/ewei_shopv2/plugin/groups/task/refund.php?uniacid=3 HTTP/1.1" 200 5 "-" "Mozilla/5.0 (Windows NT 6.1; WOW64; rv:9.0.1) Gecko/20100101 Firefox/9.0.1"
172.18.0.1 - - [06/Apr/2021:07:58:37 +0000] "GET /addons/ewei_shopv2/plugin/groups/task/receive.php HTTP/1.1" 200 5 "-" "Mozilla/5.0 (Windows NT 6.1; WOW64; rv:9.0.1) Gecko/20100101 Firefox/9.0.1"
172.18.0.1 - - [06/Apr/2021:07:58:37 +0000] "GET /addons/ewei_shopv2/plugin/seckill/task/delete.php HTTP/1.1" 200 5 "-" "Mozilla/5.0 (Windows NT 6.1; WOW64; rv:9.0.1) Gecko/20100101 Firefox/9.0.1"
172.18.0.1 - - [06/Apr/2021:07:58:38 +0000] "GET /addons/ewei_shopv2/plugin/friendcoupon/task/sendMessage.php?uniacid=3 HTTP/1.1" 200 5 "-" "Mozilla/5.0 (Windows NT 6.1; WOW64; rv:9.0.1) Gecko/20100101 Firefox/9.0.1"
172.18.0.1 - - [06/Apr/2021:07:58:39 +0000] "GET /addons/ewei_shopv2/core/task/plugin/merch.php HTTP/1.1" 200 5 "-" "Mozilla/5.0 (Windows NT 6.1; WOW64; rv:9.0.1) Gecko/20100101 Firefox/9.0.1"
192.168.33.1 - - [06/Apr/2021:07:58:39 +0000] "GET /web/index.php?c=site&a=entry&m=ewei_shopv2&do=web&r=util.task HTTP/1.1" 200 5 "http://ymstar.localhost.com/web/index.php?c=site&a=entry&m=ewei_shopv2&do=web&r=order.list" "Mozilla/5.0 (Macintosh; Intel Mac OS X 10_13_6) AppleWebKit/537.36 (KHTML, like Gecko) Chrome/89.0.4389.114 Safari/537.36"
192.168.33.1 - - [06/Apr/2021:11:41:24 +0000] "GET /addons/ewei_shopv2/static/css/bootstrap.min.css.map HTTP/1.1" 404 555 "-" "Mozilla/5.0 (Macintosh; Intel Mac OS X 10_13_6) AppleWebKit/537.36 (KHTML, like Gecko) Chrome/89.0.4389.114 Safari/537.36"
192.168.33.1 - - [07/Apr/2021:00:34:24 +0000] "GET /web/index.php?c=site&a=entry&m=ewei_shopv2&do=web&r=order.list HTTP/1.1" 200 238 "http://ymstar.localhost.com/web/index.php?c=site&a=entry&m=ewei_shopv2&do=web&r=order" "Mozilla/5.0 (Macintosh; Intel Mac OS X 10_13_6) AppleWebKit/537.36 (KHTML, like Gecko) Chrome/89.0.4389.114 Safari/537.36"
192.168.33.1 - - [07/Apr/2021:00:35:29 +0000] "GET /addons/ewei_shopv2/static/css/bootstrap.min.css?v=3.3.7 HTTP/1.1" 200 121294 "http://ymstar.localhost.com/web/index.php?c=site&a=entry&m=ewei_shopv2&do=web&r=order.list" "Mozilla/5.0 (Macintosh; Intel Mac OS X 10_13_6) AppleWebKit/537.36 (KHTML, like Gecko) Chrome/89.0.4389.114 Safari/537.36"
192.168.33.1 - - [07/Apr/2021:00:35:29 +0000] "GET /addons/ewei_shopv2/static/css/font-awesome.min.css?v=4.4.0 HTTP/1.1" 200 26711 "http://ymstar.localhost.com/web/index.php?c=site&a=entry&m=ewei_shopv2&do=web&r=order.list" "Mozilla/5.0 (Macintosh; Intel Mac OS X 10_13_6) AppleWebKit/537.36 (KHTML, like Gecko) Chrome/89.0.4389.114 Safari/537.36"
192.168.33.1 - - [07/Apr/2021:00:35:29 +0000] "GET /web/index.php?c=site&a=entry&m=ewei_shopv2&do=web&r=order.list HTTP/1.1" 200 267225 "http://ymstar.localhost.com/web/index.php?c=site&a=entry&m=ewei_shopv2&do=web&r=order" "Mozilla/5.0 (Macintosh; Intel Mac OS X 10_13_6) AppleWebKit/537.36 (KHTML, like Gecko) Chrome/89.0.4389.114 Safari/537.36"
192.168.33.1 - - [07/Apr/2021:00:35:29 +0000] "GET /addons/ewei_shopv2/static/css/animate.css HTTP/1.1" 200 65565 "http://ymstar.localhost.com/web/index.php?c=site&a=entry&m=ewei_shopv2&do=web&r=order.list" "Mozilla/5.0 (Macintosh; Intel Mac OS X 10_13_6) AppleWebKit/537.36 (KHTML, like Gecko) Chrome/89.0.4389.114 Safari/537.36"
192.168.33.1 - - [07/Apr/2021:00:35:29 +0000] "GET /addons/ewei_shopv2/static/fonts/v3/iconfont.css?v=20181126 HTTP/1.1" 200 67932 "http://ymstar.localhost.com/web/index.php?c=site&a=entry&m=ewei_shopv2&do=web&r=order.list" "Mozilla/5.0 (Macintosh; Intel Mac OS X 10_13_6) AppleWebKit/537.36 (KHTML, like Gecko) Chrome/89.0.4389.114 Safari/537.36"
192.168.33.1 - - [07/Apr/2021:00:35:29 +0000] "GET /addons/ewei_shopv2/static/css/v3.css?v=4.1.0 HTTP/1.1" 200 57719 "http://ymstar.localhost.com/web/index.php?c=site&a=entry&m=ewei_shopv2&do=web&r=order.list" "Mozilla/5.0 (Macintosh; Intel Mac OS X 10_13_6) AppleWebKit/537.36 (KHTML, like Gecko) Chrome/89.0.4389.114 Safari/537.36"
192.168.33.1 - - [07/Apr/2021:00:35:29 +0000] "GET /addons/ewei_shopv2/static/fonts/iconfont.css?v=2016070717 HTTP/1.1" 200 168473 "http://ymstar.localhost.com/web/index.php?c=site&a=entry&m=ewei_shopv2&do=web&r=order.list" "Mozilla/5.0 (Macintosh; Intel Mac OS X 10_13_6) AppleWebKit/537.36 (KHTML, like Gecko) Chrome/89.0.4389.114 Safari/537.36"
192.168.33.1 - - [07/Apr/2021:00:35:29 +0000] "GET /addons/ewei_shopv2/static/fonts/wxiconx/iconfont.css?v=2016070717 HTTP/1.1" 200 4293 "http://ymstar.localhost.com/web/index.php?c=site&a=entry&m=ewei_shopv2&do=web&r=order.list" "Mozilla/5.0 (Macintosh; Intel Mac OS X 10_13_6) AppleWebKit/537.36 (KHTML, like Gecko) Chrome/89.0.4389.114 Safari/537.36"
192.168.33.1 - - [07/Apr/2021:00:35:29 +0000] "GET /addons/ewei_shopv2/static/css/we7.common.css?v=1.0.0 HTTP/1.1" 200 27081 "http://ymstar.localhost.com/web/index.php?c=site&a=entry&m=ewei_shopv2&do=web&r=order.list" "Mozilla/5.0 (Macintosh; Intel Mac OS X 10_13_6) AppleWebKit/537.36 (KHTML, like Gecko) Chrome/89.0.4389.114 Safari/537.36"
192.168.33.1 - - [07/Apr/2021:00:35:29 +0000] "GET /addons/ewei_shopv2/static/css/common_v3.css?v=3.0.1 HTTP/1.1" 200 42919 "http://ymstar.localhost.com/web/index.php?c=site&a=entry&m=ewei_shopv2&do=web&r=order.list" "Mozilla/5.0 (Macintosh; Intel Mac OS X 10_13_6) AppleWebKit/537.36 (KHTML, like Gecko) Chrome/89.0.4389.114 Safari/537.36"
192.168.33.1 - - [07/Apr/2021:00:35:29 +0000] "GET /addons/ewei_shopv2/static/css/we7.common172.css?v=1.0.0 HTTP/1.1" 200 115275 "http://ymstar.localhost.com/web/index.php?c=site&a=entry&m=ewei_shopv2&do=web&r=order.list" "Mozilla/5.0 (Macintosh; Intel Mac OS X 10_13_6) AppleWebKit/537.36 (KHTML, like Gecko) Chrome/89.0.4389.114 Safari/537.36"
192.168.33.1 - - [07/Apr/2021:00:35:29 +0000] "GET /addons/ewei_shopv2/static/fonts/v3/iconfont.js HTTP/1.1" 200 373423 "http://ymstar.localhost.com/web/index.php?c=site&a=entry&m=ewei_shopv2&do=web&r=order.list" "Mozilla/5.0 (Macintosh; Intel Mac OS X 10_13_6) AppleWebKit/537.36 (KHTML, like Gecko) Chrome/89.0.4389.114 Safari/537.36"
192.168.33.1 - - [07/Apr/2021:00:35:29 +0000] "GET /web/resource/js/lib/jquery-1.11.1.min.js HTTP/1.1" 200 95786 "http://ymstar.localhost.com/web/index.php?c=site&a=entry&m=ewei_shopv2&do=web&r=order.list" "Mozilla/5.0 (Macintosh; Intel Mac OS X 10_13_6) AppleWebKit/537.36 (KHTML, like Gecko) Chrome/89.0.4389.114 Safari/537.36"
192.168.33.1 - - [07/Apr/2021:00:35:29 +0000] "GET /addons/ewei_shopv2/static/js/dist/jquery/jquery.gcjs.js HTTP/1.1" 200 23852 "http://ymstar.localhost.com/web/index.php?c=site&a=entry&m=ewei_shopv2&do=web&r=order.list" "Mozilla/5.0 (Macintosh; Intel Mac OS X 10_13_6) AppleWebKit/537.36 (KHTML, like Gecko) Chrome/89.0.4389.114 Safari/537.36"
192.168.33.1 - - [07/Apr/2021:00:35:29 +0000] "GET /web/resource/js/app/util.js HTTP/1.1" 200 27635 "http://ymstar.localhost.com/web/index.php?c=site&a=entry&m=ewei_shopv2&do=web&r=order.list" "Mozilla/5.0 (Macintosh; Intel Mac OS X 10_13_6) AppleWebKit/537.36 (KHTML, like Gecko) Chrome/89.0.4389.114 Safari/537.36"
192.168.33.1 - - [07/Apr/2021:00:35:29 +0000] "GET /web/resource/js/lib/bootstrap.min.js HTTP/1.1" 200 37045 "http://ymstar.localhost.com/web/index.php?c=site&a=entry&m=ewei_shopv2&do=web&r=order.list" "Mozilla/5.0 (Macintosh; Intel Mac OS X 10_13_6) AppleWebKit/537.36 (KHTML, like Gecko) Chrome/89.0.4389.114 Safari/537.36"
192.168.33.1 - - [07/Apr/2021:00:35:29 +0000] "GET /addons/ewei_shopv2/static/js/require.js HTTP/1.1" 200 17831 "http://ymstar.localhost.com/web/index.php?c=site&a=entry&m=ewei_shopv2&do=web&r=order.list" "Mozilla/5.0 (Macintosh; Intel Mac OS X 10_13_6) AppleWebKit/537.36 (KHTML, like Gecko) Chrome/89.0.4389.114 Safari/537.36"
192.168.33.1 - - [07/Apr/2021:00:35:30 +0000] "GET /addons/ewei_shopv2/static/js/config1.0.js HTTP/1.1" 200 3745 "http://ymstar.localhost.com/web/index.php?c=site&a=entry&m=ewei_shopv2&do=web&r=order.list" "Mozilla/5.0 (Macintosh; Intel Mac OS X 10_13_6) AppleWebKit/537.36 (KHTML, like Gecko) Chrome/89.0.4389.114 Safari/537.36"
192.168.33.1 - - [07/Apr/2021:00:35:30 +0000] "GET /addons/ewei_shopv2/static/js/myconfig.js HTTP/1.1" 200 3176 "http://ymstar.localhost.com/web/index.php?c=site&a=entry&m=ewei_shopv2&do=web&r=order.list" "Mozilla/5.0 (Macintosh; Intel Mac OS X 10_13_6) AppleWebKit/537.36 (KHTML, like Gecko) Chrome/89.0.4389.114 Safari/537.36"
192.168.33.1 - - [07/Apr/2021:00:35:30 +0000] "GET /web/resource/js/app/common.min.js?v=20170802 HTTP/1.1" 200 987382 "http://ymstar.localhost.com/web/index.php?c=site&a=entry&m=ewei_shopv2&do=web&r=order.list" "Mozilla/5.0 (Macintosh; Intel Mac OS X 10_13_6) AppleWebKit/537.36 (KHTML, like Gecko) Chrome/89.0.4389.114 Safari/537.36"
192.168.33.1 - - [07/Apr/2021:00:35:30 +0000] "GET /addons/ewei_shopv2/static/css/bootstrap.min.css.map HTTP/1.1" 404 555 "-" "Mozilla/5.0 (Macintosh; Intel Mac OS X 10_13_6) AppleWebKit/537.36 (KHTML, like Gecko) Chrome/89.0.4389.114 Safari/537.36"
192.168.33.1 - - [07/Apr/2021:00:35:30 +0000] "GET /attachment/images/3/2020/12/jrJnJNbrACia1YXrRj0190RN7IxJi7.jpeg HTTP/1.1" 404 555 "http://ymstar.localhost.com/web/index.php?c=site&a=entry&m=ewei_shopv2&do=web&r=order.list" "Mozilla/5.0 (Macintosh; Intel Mac OS X 10_13_6) AppleWebKit/537.36 (KHTML, like Gecko) Chrome/89.0.4389.114 Safari/537.36"
192.168.33.1 - - [07/Apr/2021:00:35:30 +0000] "GET /attachment/images/3/2020/12/RYyofI21YMLfzEe8a8lwlLfOiWFZyo.jpg HTTP/1.1" 404 555 "http://ymstar.localhost.com/web/index.php?c=site&a=entry&m=ewei_shopv2&do=web&r=order.list" "Mozilla/5.0 (Macintosh; Intel Mac OS X 10_13_6) AppleWebKit/537.36 (KHTML, like Gecko) Chrome/89.0.4389.114 Safari/537.36"
192.168.33.1 - - [07/Apr/2021:00:35:30 +0000] "GET /addons/ewei_shopv2/static/fonts/fontawesome-webfont.woff2?v=4.4.0 HTTP/1.1" 200 56780 "http://ymstar.localhost.com/addons/ewei_shopv2/static/css/font-awesome.min.css?v=4.4.0" "Mozilla/5.0 (Macintosh; Intel Mac OS X 10_13_6) AppleWebKit/537.36 (KHTML, like Gecko) Chrome/89.0.4389.114 Safari/537.36"
192.168.33.1 - - [07/Apr/2021:00:35:30 +0000] "GET /attachment/images/3/2020/12/RYyofI21YMLfzEe8a8lwlLfOiWFZyo.jpg HTTP/1.1" 404 555 "http://ymstar.localhost.com/web/index.php?c=site&a=entry&m=ewei_shopv2&do=web&r=order.list" "Mozilla/5.0 (Macintosh; Intel Mac OS X 10_13_6) AppleWebKit/537.36 (KHTML, like Gecko) Chrome/89.0.4389.114 Safari/537.36"
192.168.33.1 - - [07/Apr/2021:00:35:30 +0000] "GET /attachment/images/3/2020/12/jrJnJNbrACia1YXrRj0190RN7IxJi7.jpeg HTTP/1.1" 404 555 "http://ymstar.localhost.com/web/index.php?c=site&a=entry&m=ewei_shopv2&do=web&r=order.list" "Mozilla/5.0 (Macintosh; Intel Mac OS X 10_13_6) AppleWebKit/537.36 (KHTML, like Gecko) Chrome/89.0.4389.114 Safari/537.36"
192.168.33.1 - - [07/Apr/2021:00:35:30 +0000] "GET /addons/ewei_shopv2/static/images/nopic.png HTTP/1.1" 200 4317 "http://ymstar.localhost.com/web/index.php?c=site&a=entry&m=ewei_shopv2&do=web&r=order.list" "Mozilla/5.0 (Macintosh; Intel Mac OS X 10_13_6) AppleWebKit/537.36 (KHTML, like Gecko) Chrome/89.0.4389.114 Safari/537.36"
192.168.33.1 - - [07/Apr/2021:00:35:30 +0000] "GET /addons/ewei_shopv2/static/js/dist/moment/moment.js?v=1617755730274 HTTP/1.1" 200 19225 "http://ymstar.localhost.com/web/index.php?c=site&a=entry&m=ewei_shopv2&do=web&r=order.list" "Mozilla/5.0 (Macintosh; Intel Mac OS X 10_13_6) AppleWebKit/537.36 (KHTML, like Gecko) Chrome/89.0.4389.114 Safari/537.36"
192.168.33.1 - - [07/Apr/2021:00:35:30 +0000] "GET /addons/ewei_shopv2/static/js/web/init.js?v=1617755730274 HTTP/1.1" 200 32954 "http://ymstar.localhost.com/web/index.php?c=site&a=entry&m=ewei_shopv2&do=web&r=order.list" "Mozilla/5.0 (Macintosh; Intel Mac OS X 10_13_6) AppleWebKit/537.36 (KHTML, like Gecko) Chrome/89.0.4389.114 Safari/537.36"
192.168.33.1 - - [07/Apr/2021:00:35:31 +0000] "GET /web/index.php?c=utility&a=visit&do=showjs&type=undefined HTTP/1.1" 200 5 "http://ymstar.localhost.com/web/index.php?c=site&a=entry&m=ewei_shopv2&do=web&r=order.list" "Mozilla/5.0 (Macintosh; Intel Mac OS X 10_13_6) AppleWebKit/537.36 (KHTML, like Gecko) Chrome/89.0.4389.114 Safari/537.36"
192.168.33.1 - - [07/Apr/2021:00:35:31 +0000] "GET /addons/ewei_shopv2/static/js/web/table.js?v=1617755730274 HTTP/1.1" 200 11096 "http://ymstar.localhost.com/web/index.php?c=site&a=entry&m=ewei_shopv2&do=web&r=order.list" "Mozilla/5.0 (Macintosh; Intel Mac OS X 10_13_6) AppleWebKit/537.36 (KHTML, like Gecko) Chrome/89.0.4389.114 Safari/537.36"
192.168.33.1 - - [07/Apr/2021:00:35:31 +0000] "GET /addons/ewei_shopv2/static/js/dist/jquery/jquery.gcjs.js?v=1617755730274 HTTP/1.1" 200 23852 "http://ymstar.localhost.com/web/index.php?c=site&a=entry&m=ewei_shopv2&do=web&r=order.list" "Mozilla/5.0 (Macintosh; Intel Mac OS X 10_13_6) AppleWebKit/537.36 (KHTML, like Gecko) Chrome/89.0.4389.114 Safari/537.36"
192.168.33.1 - - [07/Apr/2021:00:35:31 +0000] "GET /addons/ewei_shopv2/static/js/web/tip.js?v=1617755730274 HTTP/1.1" 200 9004 "http://ymstar.localhost.com/web/index.php?c=site&a=entry&m=ewei_shopv2&do=web&r=order.list" "Mozilla/5.0 (Macintosh; Intel Mac OS X 10_13_6) AppleWebKit/537.36 (KHTML, like Gecko) Chrome/89.0.4389.114 Safari/537.36"
192.168.33.1 - - [07/Apr/2021:00:35:31 +0000] "GET /addons/ewei_shopv2/static/js/dist/tooltipbox.js?v=1617755730274 HTTP/1.1" 200 5576 "http://ymstar.localhost.com/web/index.php?c=site&a=entry&m=ewei_shopv2&do=web&r=order.list" "Mozilla/5.0 (Macintosh; Intel Mac OS X 10_13_6) AppleWebKit/537.36 (KHTML, like Gecko) Chrome/89.0.4389.114 Safari/537.36"
192.168.33.1 - - [07/Apr/2021:00:35:31 +0000] "GET /addons/ewei_shopv2/static/js/web/biz.js?v=1617755730274 HTTP/1.1" 200 31936 "http://ymstar.localhost.com/web/index.php?c=site&a=entry&m=ewei_shopv2&do=web&r=order.list" "Mozilla/5.0 (Macintosh; Intel Mac OS X 10_13_6) AppleWebKit/537.36 (KHTML, like Gecko) Chrome/89.0.4389.114 Safari/537.36"
192.168.33.1 - - [07/Apr/2021:00:35:31 +0000] "GET /web/resource/js/lib/loadcss.min.js HTTP/1.1" 200 1737 "http://ymstar.localhost.com/web/index.php?c=site&a=entry&m=ewei_shopv2&do=web&r=order.list" "Mozilla/5.0 (Macintosh; Intel Mac OS X 10_13_6) AppleWebKit/537.36 (KHTML, like Gecko) Chrome/89.0.4389.114 Safari/537.36"
192.168.33.1 - - [07/Apr/2021:00:35:31 +0000] "GET /web/resource/components/daterangepicker/daterangepicker.css HTTP/1.1" 200 4367 "http://ymstar.localhost.com/web/index.php?c=site&a=entry&m=ewei_shopv2&do=web&r=order.list" "Mozilla/5.0 (Macintosh; Intel Mac OS X 10_13_6) AppleWebKit/537.36 (KHTML, like Gecko) Chrome/89.0.4389.114 Safari/537.36"
192.168.33.1 - - [07/Apr/2021:00:35:31 +0000] "GET /web/resource/components/daterangepicker/daterangepicker.js HTTP/1.1" 200 35453 "http://ymstar.localhost.com/web/index.php?c=site&a=entry&m=ewei_shopv2&do=web&r=order.list" "Mozilla/5.0 (Macintosh; Intel Mac OS X 10_13_6) AppleWebKit/537.36 (KHTML, like Gecko) Chrome/89.0.4389.114 Safari/537.36"
172.18.0.1 - - [07/Apr/2021:00:35:33 +0000] "GET /addons/ewei_shopv2/core/task/order/receive.php HTTP/1.1" 200 5 "-" "Mozilla/5.0 (Windows NT 6.1; WOW64; rv:9.0.1) Gecko/20100101 Firefox/9.0.1"
192.168.33.1 - - [07/Apr/2021:00:35:33 +0000] "GET /web/index.php?c=module&a=manage-account&do=check_status&module=ewei_shopv2 HTTP/1.1" 200 75 "http://ymstar.localhost.com/web/index.php?c=site&a=entry&m=ewei_shopv2&do=web&r=order.list" "Mozilla/5.0 (Macintosh; Intel Mac OS X 10_13_6) AppleWebKit/537.36 (KHTML, like Gecko) Chrome/89.0.4389.114 Safari/537.36"
172.18.0.1 - - [07/Apr/2021:00:35:34 +0000] "GET /addons/ewei_shopv2/core/task/order/close.php HTTP/1.1" 200 5 "-" "Mozilla/5.0 (Windows NT 6.1; WOW64; rv:9.0.1) Gecko/20100101 Firefox/9.0.1"
192.168.33.1 - - [07/Apr/2021:00:35:34 +0000] "GET /web/resource/js/app/util.js HTTP/1.1" 200 27635 "http://ymstar.localhost.com/web/index.php?c=site&a=entry&m=ewei_shopv2&do=web&r=order.list" "Mozilla/5.0 (Macintosh; Intel Mac OS X 10_13_6) AppleWebKit/537.36 (KHTML, like Gecko) Chrome/89.0.4389.114 Safari/537.36"
172.18.0.1 - - [07/Apr/2021:00:35:35 +0000] "POST /addons/ewei_shopv2/core/task/order/close.php HTTP/1.1" 200 5 "-" "Mozilla/5.0 (Windows NT 6.1; WOW64; rv:9.0.1) Gecko/20100101 Firefox/9.0.1"
172.18.0.1 - - [07/Apr/2021:00:35:36 +0000] "GET /addons/ewei_shopv2/core/task/order/fullback.php HTTP/1.1" 200 5 "-" "Mozilla/5.0 (Windows NT 6.1; WOW64; rv:9.0.1) Gecko/20100101 Firefox/9.0.1"
192.168.33.1 - - [07/Apr/2021:00:35:37 +0000] "GET /web/index.php?c=message&a=notice&do=event_notice HTTP/1.1" 200 3143 "http://ymstar.localhost.com/web/index.php?c=site&a=entry&m=ewei_shopv2&do=web&r=order.list" "Mozilla/5.0 (Macintosh; Intel Mac OS X 10_13_6) AppleWebKit/537.36 (KHTML, like Gecko) Chrome/89.0.4389.114 Safari/537.36"
192.168.33.1 - - [07/Apr/2021:00:35:44 +0000] "POST /web/index.php?c=site&a=entry&m=ewei_shopv2&do=web&r=system.auth.upgrade_new.check HTTP/1.1" 200 283 "http://ymstar.localhost.com/web/index.php?c=site&a=entry&m=ewei_shopv2&do=web&r=order.list" "Mozilla/5.0 (Macintosh; Intel Mac OS X 10_13_6) AppleWebKit/537.36 (KHTML, like Gecko) Chrome/89.0.4389.114 Safari/537.36"
172.18.0.1 - - [07/Apr/2021:00:35:45 +0000] "GET /addons/ewei_shopv2/core/task/goods/presell.php HTTP/1.1" 200 5 "-" "Mozilla/5.0 (Windows NT 6.1; WOW64; rv:9.0.1) Gecko/20100101 Firefox/9.0.1"
172.18.0.1 - - [07/Apr/2021:00:35:45 +0000] "GET /addons/ewei_shopv2/core/task/goods/status.php HTTP/1.1" 200 5 "-" "Mozilla/5.0 (Windows NT 6.1; WOW64; rv:9.0.1) Gecko/20100101 Firefox/9.0.1"
172.18.0.1 - - [07/Apr/2021:00:35:46 +0000] "GET /addons/ewei_shopv2/core/task/order/willclose.php HTTP/1.1" 200 5 "-" "Mozilla/5.0 (Windows NT 6.1; WOW64; rv:9.0.1) Gecko/20100101 Firefox/9.0.1"
172.18.0.1 - - [07/Apr/2021:00:35:47 +0000] "GET /addons/ewei_shopv2/core/task/coupon/back.php HTTP/1.1" 200 5 "-" "Mozilla/5.0 (Windows NT 6.1; WOW64; rv:9.0.1) Gecko/20100101 Firefox/9.0.1"
172.18.0.1 - - [07/Apr/2021:00:35:47 +0000] "POST /addons/ewei_shopv2/core/task/notice/sendnotice.php HTTP/1.1" 200 5 "-" "Mozilla/5.0 (Windows NT 6.1; WOW64; rv:9.0.1) Gecko/20100101 Firefox/9.0.1"
172.18.0.1 - - [07/Apr/2021:00:35:48 +0000] "POST /addons/ewei_shopv2/core/task/cycelbuy/sendnotice.php HTTP/1.1" 200 5 "-" "Mozilla/5.0 (Windows NT 6.1; WOW64; rv:9.0.1) Gecko/20100101 Firefox/9.0.1"
172.18.0.1 - - [07/Apr/2021:00:35:49 +0000] "POST /addons/ewei_shopv2/core/task/cycelbuy/receive.php HTTP/1.1" 200 5 "-" "Mozilla/5.0 (Windows NT 6.1; WOW64; rv:9.0.1) Gecko/20100101 Firefox/9.0.1"
172.18.0.1 - - [07/Apr/2021:00:35:49 +0000] "GET /addons/ewei_shopv2/plugin/groups/task/order.php HTTP/1.1" 200 5 "-" "Mozilla/5.0 (Windows NT 6.1; WOW64; rv:9.0.1) Gecko/20100101 Firefox/9.0.1"
172.18.0.1 - - [07/Apr/2021:00:35:50 +0000] "GET /addons/ewei_shopv2/plugin/groups/task/refund.php?uniacid=3 HTTP/1.1" 200 5 "-" "Mozilla/5.0 (Windows NT 6.1; WOW64; rv:9.0.1) Gecko/20100101 Firefox/9.0.1"
172.18.0.1 - - [07/Apr/2021:00:35:50 +0000] "GET /addons/ewei_shopv2/plugin/groups/task/receive.php HTTP/1.1" 200 5 "-" "Mozilla/5.0 (Windows NT 6.1; WOW64; rv:9.0.1) Gecko/20100101 Firefox/9.0.1"
172.18.0.1 - - [07/Apr/2021:00:35:51 +0000] "GET /addons/ewei_shopv2/plugin/seckill/task/delete.php HTTP/1.1" 200 5 "-" "Mozilla/5.0 (Windows NT 6.1; WOW64; rv:9.0.1) Gecko/20100101 Firefox/9.0.1"
172.18.0.1 - - [07/Apr/2021:00:35:51 +0000] "GET /addons/ewei_shopv2/plugin/friendcoupon/task/sendMessage.php?uniacid=3 HTTP/1.1" 200 5 "-" "Mozilla/5.0 (Windows NT 6.1; WOW64; rv:9.0.1) Gecko/20100101 Firefox/9.0.1"
172.18.0.1 - - [07/Apr/2021:00:35:52 +0000] "GET /addons/ewei_shopv2/core/task/plugin/merch.php HTTP/1.1" 200 5 "-" "Mozilla/5.0 (Windows NT 6.1; WOW64; rv:9.0.1) Gecko/20100101 Firefox/9.0.1"
